/root/autodl-tmp/conda/envs/tp_fuzzing_latest/lib/python3.11/site-packages/torch/cuda/__init__.py:58: FutureWarning: The pynvml package is deprecated. Please install nvidia-ml-py instead. If you did not install pynvml directly, please report this to the maintainers of the package that installed pynvml for you.
  import pynvml  # type: ignore[import]
2026-09-26 15:57:13  [TileLang:tilelang.jit.kernel:INFO] (kernel.py:137): TileLang begins to compile kernel `impl` with `out_idx=None`
2026-09-26 15:57:13  [TileLang:tilelang.jit.kernel:INFO] (kernel.py:137): TileLang begins to compile kernel `impl` with `out_idx=None`
2026-09-26 15:57:13  [TileLang:tilelang.jit.kernel:INFO] (kernel.py:137): TileLang begins to compile kernel `impl` with `out_idx=None`
2026-09-26 15:57:13  [TileLang:tilelang.jit.kernel:INFO] (kernel.py:137): TileLang begins to compile kernel `impl` with `out_idx=None`
2026-09-26 15:57:13  [TileLang:tilelang.jit.kernel:INFO] (kernel.py:137): TileLang begins to compile kernel `impl` with `out_idx=None`
2026-09-26 15:57:13  [TileLang:tilelang.jit.kernel:INFO] (kernel.py:137): TileLang begins to compile kernel `impl` with `out_idx=None`
2026-09-26 15:57:13  [TileLang:tilelang.jit.kernel:INFO] (kernel.py:137): TileLang begins to compile kernel `impl` with `out_idx=None`
2026-09-26 15:57:13  [TileLang:tilelang.jit.kernel:INFO] (kernel.py:137): TileLang begins to compile kernel `impl` with `out_idx=None`
2026-09-26 15:57:30  [TileLang:tilelang.jit.kernel:INFO] (kernel.py:145): TileLang completes to compile kernel `impl`
2026-09-26 15:57:32  [TileLang:tilelang.jit.kernel:INFO] (kernel.py:145): TileLang completes to compile kernel `impl`
2026-09-26 15:57:32  [TileLang:tilelang.jit.kernel:INFO] (kernel.py:145): TileLang completes to compile kernel `impl`
2026-09-26 15:57:32  [TileLang:tilelang.jit.kernel:INFO] (kernel.py:145): TileLang completes to compile kernel `impl`
2026-09-26 15:57:32  [TileLang:tilelang.jit.kernel:INFO] (kernel.py:145): TileLang completes to compile kernel `impl`
2026-09-26 15:57:32  [TileLang:tilelang.jit.kernel:INFO] (kernel.py:137): TileLang begins to compile kernel `impl` with `out_idx=None`
2026-09-26 15:57:32  [TileLang:tilelang.jit.kernel:INFO] (kernel.py:145): TileLang completes to compile kernel `impl`
2026-09-26 15:57:32  [TileLang:tilelang.jit.kernel:INFO] (kernel.py:145): TileLang completes to compile kernel `impl`
2026-09-26 15:57:33  [TileLang:tilelang.jit.kernel:INFO] (kernel.py:145): TileLang completes to compile kernel `impl`
2026-09-26 15:57:47  [TileLang:tilelang.jit.kernel:INFO] (kernel.py:145): TileLang completes to compile kernel `impl`
Traceback (most recent call last):
  File "/root/autodl-tmp/project/tile_program_fuzzing/tp_fuzzing/results/2026.09.25-23.10_tilelang_hard-shape_seed=42/failed/algebraic_identity/failed_extended_control_calls_4222ca02da8ad54a.py", line 2634, in <module>
    run_extended(PROGRAM, prepare_extended, 0, 3, reference_programs=REFERENCE_PROGRAMS)
  File "/root/autodl-tmp/project/tile_program_fuzzing/tp_fuzzing/results/2026.09.25-23.10_tilelang_hard-shape_seed=42/failed/algebraic_identity/failed_extended_control_calls_4222ca02da8ad54a.py", line 407, in run_extended
    extended_check(actual, variant_expected[name],
  File "/root/autodl-tmp/project/tile_program_fuzzing/tp_fuzzing/results/2026.09.25-23.10_tilelang_hard-shape_seed=42/failed/algebraic_identity/failed_extended_control_calls_4222ca02da8ad54a.py", line 262, in extended_check
    raise RuntimeError(f'WRONG RESULT: {label}; max_abs={difference.reshape(-1)[index].item()}; '
RuntimeError: WRONG RESULT: identity:tilelang_8_ident:e74:seed=0:steps=0:limit=1; max_abs=0.00025522708892822266; index=16; actual=0.00025522708892822266; expected=0.0
