/root/autodl-tmp/conda/envs/tp_fuzzing_latest/lib/python3.11/site-packages/torch/cuda/__init__.py:58: FutureWarning: The pynvml package is deprecated. Please install nvidia-ml-py instead. If you did not install pynvml directly, please report this to the maintainers of the package that installed pynvml for you.
  import pynvml  # type: ignore[import]
TILESMITH_STAGE=reference
TILESMITH_STAGE=prepare_0
TILESMITH_STAGE=prepare_1
TILESMITH_STAGE=prepare_2
TILESMITH_STAGE=prepare_3
TILESMITH_STAGE=prepare_4
TILESMITH_STAGE=prepare_5
TILESMITH_STAGE=prepare_6
[15:59:11] : Warning: T.vectorized loop over `vec` with extent 8 is lowered as a serial loop because TileLang could not find a valid vectorization plan. Scalar accumulator updates inside the loop are a common cause; move reductions to T.unroll or T.serial if this is intended.
[15:59:12] : Warning: T.vectorized loop over `vec` with extent 8 is lowered as a serial loop because TileLang could not find a valid vectorization plan. Scalar accumulator updates inside the loop are a common cause; move reductions to T.unroll or T.serial if this is intended.
[15:59:12] : Warning: T.vectorized loop over `vec` with extent 8 is lowered as a serial loop because TileLang could not find a valid vectorization plan. Scalar accumulator updates inside the loop are a common cause; move reductions to T.unroll or T.serial if this is intended.
[15:59:12] : Warning: T.vectorized loop over `vec` with extent 8 is lowered as a serial loop because TileLang could not find a valid vectorization plan. Scalar accumulator updates inside the loop are a common cause; move reductions to T.unroll or T.serial if this is intended.
[15:59:13] : Warning: T.vectorized loop over `vec` with extent 8 is lowered as a serial loop because TileLang could not find a valid vectorization plan. Scalar accumulator updates inside the loop are a common cause; move reductions to T.unroll or T.serial if this is intended.
[15:59:13] : Warning: T.vectorized loop over `vec` with extent 8 is lowered as a serial loop because TileLang could not find a valid vectorization plan. Scalar accumulator updates inside the loop are a common cause; move reductions to T.unroll or T.serial if this is intended.
[15:59:13] : Warning: T.vectorized loop over `vec` with extent 8 is lowered as a serial loop because TileLang could not find a valid vectorization plan. Scalar accumulator updates inside the loop are a common cause; move reductions to T.unroll or T.serial if this is intended.
[15:59:13] : Warning: T.vectorized loop over `vec` with extent 8 is lowered as a serial loop because TileLang could not find a valid vectorization plan. Scalar accumulator updates inside the loop are a common cause; move reductions to T.unroll or T.serial if this is intended.
[15:59:13] : Warning: T.vectorized loop over `vec` with extent 8 is lowered as a serial loop because TileLang could not find a valid vectorization plan. Scalar accumulator updates inside the loop are a common cause; move reductions to T.unroll or T.serial if this is intended.
[15:59:13] : Warning: T.vectorized loop over `vec` with extent 8 is lowered as a serial loop because TileLang could not find a valid vectorization plan. Scalar accumulator updates inside the loop are a common cause; move reductions to T.unroll or T.serial if this is intended.
[15:59:14] : Warning: T.vectorized loop over `vec` with extent 8 is lowered as a serial loop because TileLang could not find a valid vectorization plan. Scalar accumulator updates inside the loop are a common cause; move reductions to T.unroll or T.serial if this is intended.
[15:59:14] : Warning: T.vectorized loop over `vec` with extent 8 is lowered as a serial loop because TileLang could not find a valid vectorization plan. Scalar accumulator updates inside the loop are a common cause; move reductions to T.unroll or T.serial if this is intended.
[15:59:14] : Warning: T.vectorized loop over `vec` with extent 8 is lowered as a serial loop because TileLang could not find a valid vectorization plan. Scalar accumulator updates inside the loop are a common cause; move reductions to T.unroll or T.serial if this is intended.
[15:59:15] : Warning: T.vectorized loop over `vec` with extent 8 is lowered as a serial loop because TileLang could not find a valid vectorization plan. Scalar accumulator updates inside the loop are a common cause; move reductions to T.unroll or T.serial if this is intended.
[15:59:15] : Warning: T.vectorized loop over `vec` with extent 8 is lowered as a serial loop because TileLang could not find a valid vectorization plan. Scalar accumulator updates inside the loop are a common cause; move reductions to T.unroll or T.serial if this is intended.
[15:59:15] : Warning: T.vectorized loop over `vec` with extent 8 is lowered as a serial loop because TileLang could not find a valid vectorization plan. Scalar accumulator updates inside the loop are a common cause; move reductions to T.unroll or T.serial if this is intended.
TILESMITH_STAGE=prepare_0
2026-09-26 15:59:05  [TileLang:tilelang.jit.kernel:INFO] (kernel.py:137): TileLang begins to compile kernel `impl` with `out_idx=None`
2026-09-26 15:59:05  [TileLang:tilelang.jit.kernel:INFO] (kernel.py:137): TileLang begins to compile kernel `impl` with `out_idx=None`
2026-09-26 15:59:05  [TileLang:tilelang.jit.kernel:INFO] (kernel.py:137): TileLang begins to compile kernel `impl` with `out_idx=None`
2026-09-26 15:59:05  [TileLang:tilelang.jit.kernel:INFO] (kernel.py:137): TileLang begins to compile kernel `impl` with `out_idx=None`
2026-09-26 15:59:05  [TileLang:tilelang.jit.kernel:INFO] (kernel.py:137): TileLang begins to compile kernel `impl` with `out_idx=None`
2026-09-26 15:59:05  [TileLang:tilelang.jit.kernel:INFO] (kernel.py:137): TileLang begins to compile kernel `impl` with `out_idx=None`
2026-09-26 15:59:05  [TileLang:tilelang.jit.kernel:INFO] (kernel.py:137): TileLang begins to compile kernel `impl` with `out_idx=None`
2026-09-26 15:59:15  [TileLang:tilelang.jit.kernel:INFO] (kernel.py:145): TileLang completes to compile kernel `impl`
Traceback (most recent call last):
  File "/root/autodl-tmp/project/tile_program_fuzzing/tp_fuzzing/results/2026.09.25-23.10_tilelang_hard-shape_seed=42/failed/ptx_async_boundary/failed_calls_main(f1)__f0()__f1(f0)_3abfb79fb0216843.py", line 1348, in <module>
    test_kernel_0()
  File "/root/autodl-tmp/project/tile_program_fuzzing/tp_fuzzing/results/2026.09.25-23.10_tilelang_hard-shape_seed=42/failed/ptx_async_boundary/failed_calls_main(f1)__f0()__f1(f0)_3abfb79fb0216843.py", line 1345, in test_kernel_0
    _run_region([run_variant_0, run_variant_1, run_variant_2, run_variant_3, run_variant_4, run_variant_5, run_variant_6], (a_storage, b_storage), ref, 3, 0.1, relative=True, variant_kinds=['schedule', 'schedule', 'stage', 'loop-kind', 'pass-config', 'swizzle', 'warp-policy'], reference_verify=lambda: _typed_region_reference_double(A, B, {'arguments': [], 'operations': [{'kind': 'gemm', 'result': 'v1', 'operands': [], 'attrs': {}, 'regions': []}, {'kind': 'load_input', 'result': 'v2', 'operands': [], 'attrs': {'source': 'A', 'dtype': 'float16', 'row_offset': 0, 'col_offset': 1}, 'regions': []}, {'kind': 'index_add', 'result': 'v3', 'operands': ['v2'], 'attrs': {'axis': 'row', 'scale': 0.5}, 'regions': []}, {'kind': 'for', 'result': 'v8', 'operands': ['v1'], 'attrs': {'trip_count': 3, 'start': 2, 'step': 1}, 'regions': [{'arguments': ['v4'], 'operations': [{'kind': 'log2', 'result': 'v5', 'operands': ['v4'], 'attrs': {}, 'regions': []}, {'kind': 'to_tile', 'result': 'v6', 'operands': ['v5'], 'attrs': {}, 'regions': []}, {'kind': 'add', 'result': 'v7', 'operands': ['v6', 'v4'], 'attrs': {}, 'regions': []}], 'yield_value': 'v7'}]}, {'kind': 'to_tile', 'result': 'v9', 'operands': ['v8'], 'attrs': {}, 'regions': []}, {'kind': 'call', 'result': 'v10', 'operands': ['v9'], 'attrs': {'callee': 'fn_1'}, 'regions': []}], 'yield_value': 'v10'}, 64, 64, 'float16', [{'name': 'fn_0', 'body': {'arguments': ['arg0'], 'operations': [{'kind': 'tanh', 'result': 'v1', 'operands': ['arg0'], 'attrs': {}, 'regions': []}, {'kind': 'if', 'result': 'v8', 'operands': ['v1'], 'attrs': {'predicate': 'column', 'modulus': 4, 'parity': 2}, 'regions': [{'arguments': ['v2'], 'operations': [{'kind': 'row_sum', 'result': 'v3', 'operands': ['v1'], 'attrs': {}, 'regions': []}, {'kind': 'to_tile', 'result': 'v4', 'operands': ['v3'], 'attrs': {}, 'regions': []}], 'yield_value': 'v4'}, {'arguments': ['v5'], 'operations': [{'kind': 'div', 'result': 'v6', 'operands': ['v5', 'arg0'], 'attrs': {}, 'regions': []}, {'kind': 'to_tile', 'result': 'v7', 'operands': ['v6'], 'attrs': {}, 'regions': []}], 'yield_value': 'v7'}]}, {'kind': 'to_tile', 'result': 'v9', 'operands': ['v1'], 'attrs': {}, 'regions': []}], 'yield_value': 'v9'}}, {'name': 'fn_1', 'body': {'arguments': ['arg0'], 'operations': [{'kind': 'sin', 'result': 'v1', 'operands': ['arg0'], 'attrs': {}, 'regions': []}, {'kind': 'exp2', 'result': 'v2', 'operands': ['v1'], 'attrs': {}, 'regions': []}, {'kind': 'index_add', 'result': 'v3', 'operands': ['v2'], 'attrs': {'axis': 'column', 'scale': 0.25}, 'regions': []}, {'kind': 'erf', 'result': 'v4', 'operands': ['v3'], 'attrs': {}, 'regions': []}, {'kind': 'store_tile', 'result': 'v5', 'operands': ['v4'], 'attrs': {}, 'regions': []}, {'kind': 'to_tile', 'result': 'v6', 'operands': ['v1'], 'attrs': {}, 'regions': []}, {'kind': 'call', 'result': 'v7', 'operands': ['v6'], 'attrs': {'callee': 'fn_0'}, 'regions': []}], 'yield_value': 'v7'}}]), reference_jitter=lambda: _typed_region_reference(_ulp_jitter(A), _ulp_jitter(B), {'arguments': [], 'operations': [{'kind': 'gemm', 'result': 'v1', 'operands': [], 'attrs': {}, 'regions': []}, {'kind': 'load_input', 'result': 'v2', 'operands': [], 'attrs': {'source': 'A', 'dtype': 'float16', 'row_offset': 0, 'col_offset': 1}, 'regions': []}, {'kind': 'index_add', 'result': 'v3', 'operands': ['v2'], 'attrs': {'axis': 'row', 'scale': 0.5}, 'regions': []}, {'kind': 'for', 'result': 'v8', 'operands': ['v1'], 'attrs': {'trip_count': 3, 'start': 2, 'step': 1}, 'regions': [{'arguments': ['v4'], 'operations': [{'kind': 'log2', 'result': 'v5', 'operands': ['v4'], 'attrs': {}, 'regions': []}, {'kind': 'to_tile', 'result': 'v6', 'operands': ['v5'], 'attrs': {}, 'regions': []}, {'kind': 'add', 'result': 'v7', 'operands': ['v6', 'v4'], 'attrs': {}, 'regions': []}], 'yield_value': 'v7'}]}, {'kind': 'to_tile', 'result': 'v9', 'operands': ['v8'], 'attrs': {}, 'regions': []}, {'kind': 'call', 'result': 'v10', 'operands': ['v9'], 'attrs': {'callee': 'fn_1'}, 'regions': []}], 'yield_value': 'v10'}, 64, 64, 'float16', [{'name': 'fn_0', 'body': {'arguments': ['arg0'], 'operations': [{'kind': 'tanh', 'result': 'v1', 'operands': ['arg0'], 'attrs': {}, 'regions': []}, {'kind': 'if', 'result': 'v8', 'operands': ['v1'], 'attrs': {'predicate': 'column', 'modulus': 4, 'parity': 2}, 'regions': [{'arguments': ['v2'], 'operations': [{'kind': 'row_sum', 'result': 'v3', 'operands': ['v1'], 'attrs': {}, 'regions': []}, {'kind': 'to_tile', 'result': 'v4', 'operands': ['v3'], 'attrs': {}, 'regions': []}], 'yield_value': 'v4'}, {'arguments': ['v5'], 'operations': [{'kind': 'div', 'result': 'v6', 'operands': ['v5', 'arg0'], 'attrs': {}, 'regions': []}, {'kind': 'to_tile', 'result': 'v7', 'operands': ['v6'], 'attrs': {}, 'regions': []}], 'yield_value': 'v7'}]}, {'kind': 'to_tile', 'result': 'v9', 'operands': ['v1'], 'attrs': {}, 'regions': []}], 'yield_value': 'v9'}}, {'name': 'fn_1', 'body': {'arguments': ['arg0'], 'operations': [{'kind': 'sin', 'result': 'v1', 'operands': ['arg0'], 'attrs': {}, 'regions': []}, {'kind': 'exp2', 'result': 'v2', 'operands': ['v1'], 'attrs': {}, 'regions': []}, {'kind': 'index_add', 'result': 'v3', 'operands': ['v2'], 'attrs': {'axis': 'column', 'scale': 0.25}, 'regions': []}, {'kind': 'erf', 'result': 'v4', 'operands': ['v3'], 'attrs': {}, 'regions': []}, {'kind': 'store_tile', 'result': 'v5', 'operands': ['v4'], 'attrs': {}, 'regions': []}, {'kind': 'to_tile', 'result': 'v6', 'operands': ['v1'], 'attrs': {}, 'regions': []}, {'kind': 'call', 'result': 'v7', 'operands': ['v6'], 'attrs': {'callee': 'fn_0'}, 'regions': []}], 'yield_value': 'v7'}}]))
  File "/root/autodl-tmp/project/tile_program_fuzzing/tp_fuzzing/results/2026.09.25-23.10_tilelang_hard-shape_seed=42/failed/ptx_async_boundary/failed_calls_main(f1)__f0()__f1(f0)_3abfb79fb0216843.py", line 262, in _run_region
    raise errors[variant]
  File "/root/autodl-tmp/project/tile_program_fuzzing/tp_fuzzing/results/2026.09.25-23.10_tilelang_hard-shape_seed=42/failed/ptx_async_boundary/failed_calls_main(f1)__f0()__f1(f0)_3abfb79fb0216843.py", line 246, in compile_variant
    prepared[variant] = launches[variant]()
                        ^^^^^^^^^^^^^^^^^^^
  File "/root/autodl-tmp/project/tile_program_fuzzing/tp_fuzzing/results/2026.09.25-23.10_tilelang_hard-shape_seed=42/failed/ptx_async_boundary/failed_calls_main(f1)__f0()__f1(f0)_3abfb79fb0216843.py", line 1324, in run_variant_0
    return prepare_0(A, B)
           ^^^^^^^^^^^^^^^
  File "/root/autodl-tmp/project/tile_program_fuzzing/tp_fuzzing/results/2026.09.25-23.10_tilelang_hard-shape_seed=42/failed/ptx_async_boundary/failed_calls_main(f1)__f0()__f1(f0)_3abfb79fb0216843.py", line 664, in prepare_0
    kernel = typed_kernel_0()
             ^^^^^^^^^^^^^^^^
  File "/root/autodl-tmp/conda/envs/tp_fuzzing_latest/lib/python3.11/site-packages/tilelang/jit/__init__.py", line 539, in __call__
    kernel = self.compile(*args, **kwargs)
             ^^^^^^^^^^^^^^^^^^^^^^^^^^^^^
  File "/root/autodl-tmp/conda/envs/tp_fuzzing_latest/lib/python3.11/site-packages/tilelang/jit/__init__.py", line 454, in compile
    kernel_result = compile(
                    ^^^^^^^^
  File "/root/autodl-tmp/conda/envs/tp_fuzzing_latest/lib/python3.11/site-packages/tilelang/jit/__init__.py", line 162, in compile
    return cached(
           ^^^^^^^
  File "/root/autodl-tmp/conda/envs/tp_fuzzing_latest/lib/python3.11/site-packages/tilelang/cache/__init__.py", line 82, in cached
    return cache.cached(
           ^^^^^^^^^^^^^
  File "/root/autodl-tmp/conda/envs/tp_fuzzing_latest/lib/python3.11/site-packages/tilelang/cache/kernel_cache.py", line 428, in cached
    kernel = JITKernel(
             ^^^^^^^^^^
  File "/root/autodl-tmp/conda/envs/tp_fuzzing_latest/lib/python3.11/site-packages/tilelang/jit/kernel.py", line 140, in __init__
    adapter = self._compile_and_create_adapter(func, out_idx)
              ^^^^^^^^^^^^^^^^^^^^^^^^^^^^^^^^^^^^^^^^^^^^^^^
  File "/root/autodl-tmp/conda/envs/tp_fuzzing_latest/lib/python3.11/site-packages/tilelang/jit/kernel.py", line 253, in _compile_and_create_adapter
    self.artifact = self._compile_artifact(tilelang_func, pass_configs, compile_metadata)
                    ^^^^^^^^^^^^^^^^^^^^^^^^^^^^^^^^^^^^^^^^^^^^^^^^^^^^^^^^^^^^^^^^^^^^^
  File "/root/autodl-tmp/conda/envs/tp_fuzzing_latest/lib/python3.11/site-packages/tilelang/jit/kernel.py", line 294, in _compile_artifact
    artifact = lower_with_context(
               ^^^^^^^^^^^^^^^^^^^
  File "/root/autodl-tmp/conda/envs/tp_fuzzing_latest/lib/python3.11/site-packages/tilelang/engine/lower.py", line 165, in lower_with_context
    return _lower_with_context_impl(
           ^^^^^^^^^^^^^^^^^^^^^^^^^
  File "/root/autodl-tmp/conda/envs/tp_fuzzing_latest/lib/python3.11/site-packages/tilelang/engine/lower.py", line 190, in _lower_with_context_impl
    codegen_mod = device_codegen(device_mod, context) if enable_device_compile else device_codegen_without_compile(device_mod, context)
                  ^^^^^^^^^^^^^^^^^^^^^^^^^^^^^^^^^^^
  File "/root/autodl-tmp/conda/envs/tp_fuzzing_latest/lib/python3.11/site-packages/tilelang/engine/lower.py", line 101, in device_codegen
    return context.codegen_device(device_mod, compile_device=True)
           ^^^^^^^^^^^^^^^^^^^^^^^^^^^^^^^^^^^^^^^^^^^^^^^^^^^^^^^
  File "/root/autodl-tmp/conda/envs/tp_fuzzing_latest/lib/python3.11/site-packages/tilelang/backend/module.py", line 221, in codegen_device
    return self.module.codegen_device(mod, self.target, compile_device=compile_device)
           ^^^^^^^^^^^^^^^^^^^^^^^^^^^^^^^^^^^^^^^^^^^^^^^^^^^^^^^^^^^^^^^^^^^^^^^^^^^
  File "/root/autodl-tmp/conda/envs/tp_fuzzing_latest/lib/python3.11/site-packages/tilelang/backend/module.py", line 126, in codegen_device
    return self.get_device_codegen(target).lower(mod, target, compile_device=compile_device)
           ^^^^^^^^^^^^^^^^^^^^^^^^^^^^^^^^^^^^^^^^^^^^^^^^^^^^^^^^^^^^^^^^^^^^^^^^^^^^^^^^^
  File "/root/autodl-tmp/conda/envs/tp_fuzzing_latest/lib/python3.11/site-packages/tilelang/backend/device_codegen.py", line 44, in lower
    return build_func(mod, target)
           ^^^^^^^^^^^^^^^^^^^^^^^
  File "/root/autodl-tmp/conda/envs/tp_fuzzing_latest/lib/python3.11/site-packages/tilelang/backend/device_codegen.py", line 21, in build
    return run_codegen_with_instrumentation(
           ^^^^^^^^^^^^^^^^^^^^^^^^^^^^^^^^^
  File "/root/autodl-tmp/conda/envs/tp_fuzzing_latest/lib/python3.11/site-packages/tilelang/instrumentation/session.py", line 261, in run_codegen_with_instrumentation
    return session.run_codegen(CodegenEvent(name=name, mod=mod, target=target), call)
           ^^^^^^^^^^^^^^^^^^^^^^^^^^^^^^^^^^^^^^^^^^^^^^^^^^^^^^^^^^^^^^^^^^^^^^^^^^
  File "/root/autodl-tmp/conda/envs/tp_fuzzing_latest/lib/python3.11/site-packages/tilelang/instrumentation/session.py", line 110, in run_codegen
    return wrapped()
           ^^^^^^^^^
  File "/root/autodl-tmp/conda/envs/tp_fuzzing_latest/lib/python3.11/site-packages/tilelang/backend/device_codegen.py", line 25, in <lambda>
    lambda: tvm.ffi.get_global_func(global_func_name)(mod, target),
            ^^^^^^^^^^^^^^^^^^^^^^^^^^^^^^^^^^^^^^^^^^^^^^^^^^^^^^
  File "python/tvm_ffi/cython/function.pxi", line 968, in tvm_ffi.core.Function.__call__
  File "<unknown>", line 0, in tvm::codegen::BuildTileLangCUDA(tvm::IRModule, tvm::Target)
  File "<unknown>", line 0, in tvm::codegen::CodeGenTileLangCUDA::AddFunction(tvm::GlobalVar const&, tvm::tirx::PrimFunc const&)
  File "<unknown>", line 0, in tvm::codegen::CodeGenC::VisitStmt_(tvm::tirx::SeqStmtNode const*)
  File "<unknown>", line 0, in tvm::codegen::CodeGenC::VisitStmt_(tvm::tirx::SeqStmtNode const*)
  File "<unknown>", line 0, in tvm::codegen::CodeGenC::VisitStmt_(tvm::tirx::SeqStmtNode const*)
  File "<unknown>", line 0, in tvm::codegen::CodeGenTileLangCUDA::VisitStmt_(tvm::tirx::ForNode const*)
  File "<unknown>", line 0, in tvm::codegen::CodeGenTileLangCUDA::VisitStmt_(tvm::tirx::ForNode const*)
  File "<unknown>", line 0, in tvm::codegen::CodeGenC::VisitStmt_(tvm::tirx::EvaluateNode const*)
  File "<unknown>", line 0, in tvm::codegen::CodeGenC::PrintExpr[abi:cxx11](tvm::PrimExpr const&)
  File "<unknown>", line 0, in tvm::codegen::CodeGenTileLangCUDA::VisitExpr_(tvm::tirx::CallNode const*, std::ostream&)
  File "/project/src/cuda/codegen/codegen_cuda.cc", line 103, in int tvm::codegen::{anonymous}::GetTileLangCPAsyncTransferBytes(const tvm::tirx::CallNode*)
tvm.error.InternalError: Check failed: (IsValidCPAsyncTransferBytes(total_bytes)) is false: T.ptx_cp_async(T.address_of(As[T.shift_right(T.bitwise_and(thread_binding, 15), 3) * 4096 + i * 1024 + T.shift_right(thread_binding, 4) * 64 + T.bitwise_and(T.shift_right(T.bitwise_and(thread_binding, 127), 6) + T.shift_right(T.bitwise_and(thread_binding, 7), 2), 1) * 32 + T.bitwise_and(T.shift_right(T.bitwise_and(thread_binding, 63), 5) + T.shift_right(T.bitwise_and(thread_binding, 3), 1), 1) * 16 + T.bitwise_and(T.shift_right(T.bitwise_and(thread_binding, 31), 4) + T.bitwise_and(thread_binding, 1), 1) * 8 + vec]), T.address_of(A[i * 146512 + T.shift_right(thread_binding, 4) * 9157 + T.bitwise_and(thread_binding, 15) * 8 + vec]), 1, i * 16 + T.shift_right(thread_binding, 4) < 1 and i * 16 + T.shift_right(thread_binding, 4) < 1) requires a final PTX byte width in {4, 8, 16}, but got 2
