/root/autodl-tmp/conda/envs/tp_fuzzing_latest/lib/python3.11/site-packages/torch/cuda/__init__.py:58: FutureWarning: The pynvml package is deprecated. Please install nvidia-ml-py instead. If you did not install pynvml directly, please report this to the maintainers of the package that installed pynvml for you.
  import pynvml  # type: ignore[import]
TILESMITH_STAGE=layout:contiguous/strided
TILESMITH_STAGE=reference
TILESMITH_STAGE=prepare_0_0
TILESMITH_STAGE=prepare_0_1
TILESMITH_STAGE=prepare_0_2
TILESMITH_STAGE=prepare_0_3
TILESMITH_STAGE=prepare_0_4
TILESMITH_STAGE=prepare_0_5
TILESMITH_STAGE=prepare_0_6
TILESMITH_STAGE=prepare_0_7
TILESMITH_STAGE=prepare_0_8
TILESMITH_STAGE=execute_variant_0
TILESMITH_STAGE=execute_variant_1
2026-09-26 15:59:26  [TileLang:tilelang.jit.kernel:INFO] (kernel.py:137): TileLang begins to compile kernel `impl` with `out_idx=None`
2026-09-26 15:59:26  [TileLang:tilelang.jit.kernel:INFO] (kernel.py:137): TileLang begins to compile kernel `impl` with `out_idx=None`
2026-09-26 15:59:26  [TileLang:tilelang.jit.kernel:INFO] (kernel.py:137): TileLang begins to compile kernel `impl` with `out_idx=None`
2026-09-26 15:59:26  [TileLang:tilelang.jit.kernel:INFO] (kernel.py:137): TileLang begins to compile kernel `impl` with `out_idx=None`
2026-09-26 15:59:26  [TileLang:tilelang.jit.kernel:INFO] (kernel.py:137): TileLang begins to compile kernel `impl` with `out_idx=None`
2026-09-26 15:59:26  [TileLang:tilelang.jit.kernel:INFO] (kernel.py:137): TileLang begins to compile kernel `impl` with `out_idx=None`
2026-09-26 15:59:26  [TileLang:tilelang.jit.kernel:INFO] (kernel.py:137): TileLang begins to compile kernel `impl` with `out_idx=None`
2026-09-26 15:59:26  [TileLang:tilelang.jit.kernel:INFO] (kernel.py:137): TileLang begins to compile kernel `impl` with `out_idx=None`
2026-09-26 15:59:33  [TileLang:tilelang.jit.kernel:INFO] (kernel.py:145): TileLang completes to compile kernel `impl`
2026-09-26 15:59:33  [TileLang:tilelang.jit.kernel:INFO] (kernel.py:145): TileLang completes to compile kernel `impl`
2026-09-26 15:59:33  [TileLang:tilelang.jit.kernel:INFO] (kernel.py:145): TileLang completes to compile kernel `impl`
2026-09-26 15:59:33  [TileLang:tilelang.jit.kernel:INFO] (kernel.py:145): TileLang completes to compile kernel `impl`
2026-09-26 15:59:33  [TileLang:tilelang.jit.kernel:INFO] (kernel.py:145): TileLang completes to compile kernel `impl`
2026-09-26 15:59:33  [TileLang:tilelang.jit.kernel:INFO] (kernel.py:145): TileLang completes to compile kernel `impl`
2026-09-26 15:59:33  [TileLang:tilelang.jit.kernel:INFO] (kernel.py:145): TileLang completes to compile kernel `impl`
2026-09-26 15:59:34  [TileLang:tilelang.cache.kernel_cache:WARNING] (kernel_cache.py:380): Found kernel 'impl' in memory cache. For better performance, consider using `@tilelang.jit` instead of direct kernel caching.
2026-09-26 15:59:34  [TileLang:tilelang.jit.kernel:INFO] (kernel.py:145): TileLang completes to compile kernel `impl`
Traceback (most recent call last):
  File "/root/autodl-tmp/project/tile_program_fuzzing/tp_fuzzing/results/2026.09.25-23.10_tilelang_hard-shape_seed=42/failed/schedule_mismatch/failed_calls_main(f0)__f0()_1250a82975ace5db.py", line 2213, in <module>
    test_kernel_0()
  File "/root/autodl-tmp/project/tile_program_fuzzing/tp_fuzzing/results/2026.09.25-23.10_tilelang_hard-shape_seed=42/failed/schedule_mismatch/failed_calls_main(f0)__f0()_1250a82975ace5db.py", line 2177, in test_kernel_0
    _run_layout_case([run_variant_0_0, run_variant_0_1, run_variant_0_2, run_variant_0_3, run_variant_0_4, run_variant_0_5, run_variant_0_6, run_variant_0_7, run_variant_0_8], (a_storage, b_storage), ref, 3, 0.1, relative=True, layout_a='contiguous', layout_b='strided', alternate=False, variant_kinds=['schedule', 'schedule', 'stage', 'stage', 'stage', 'loop-kind', 'pass-config', 'swizzle', 'warp-policy'], prepare_markers=['prepare_0_0', 'prepare_0_1', 'prepare_0_2', 'prepare_0_3', 'prepare_0_4', 'prepare_0_5', 'prepare_0_6', 'prepare_0_7', 'prepare_0_8'], reference_verify=lambda: _typed_region_reference_double(A, B, {'arguments': [], 'operations': [{'kind': 'gemm', 'result': 'v1', 'operands': [], 'attrs': {}, 'regions': []}, {'kind': 'broadcast_tile', 'result': 'v2', 'operands': ['v1'], 'attrs': {}, 'regions': []}, {'kind': 'copy', 'result': 'v3', 'operands': ['v2'], 'attrs': {}, 'regions': []}, {'kind': 'copy', 'result': 'v4', 'operands': ['v2'], 'attrs': {}, 'regions': []}, {'kind': 'if', 'result': 'v14', 'operands': ['v4'], 'attrs': {'predicate': 'row', 'modulus': 4, 'parity': 1}, 'regions': [{'arguments': ['v5'], 'operations': [{'kind': 'for', 'result': 'v11', 'operands': ['v1'], 'attrs': {'trip_count': 3, 'start': 0, 'step': 1}, 'regions': [{'arguments': ['v6'], 'operations': [{'kind': 'scale', 'result': 'v7', 'operands': ['v6'], 'attrs': {'alpha': 7.134849609561429}, 'regions': []}, {'kind': 'where', 'result': 'v8', 'operands': ['v7', 'v7', 'v3'], 'attrs': {}, 'regions': []}, {'kind': 'to_tile', 'result': 'v9', 'operands': ['v6'], 'attrs': {}, 'regions': []}, {'kind': 'add', 'result': 'v10', 'operands': ['v9', 'v6'], 'attrs': {}, 'regions': []}], 'yield_value': 'v10'}]}, {'kind': 'to_tile', 'result': 'v12', 'operands': ['v11'], 'attrs': {}, 'regions': []}], 'yield_value': 'v12'}, {'arguments': ['v13'], 'operations': [], 'yield_value': 'v13'}]}, {'kind': 'to_tile', 'result': 'v15', 'operands': ['v14'], 'attrs': {}, 'regions': []}, {'kind': 'call', 'result': 'v16', 'operands': ['v14', 'v2'], 'attrs': {'callee': 'fn_0'}, 'regions': []}], 'yield_value': 'v16'}, 256, 32, 'float16', [{'name': 'fn_0', 'body': {'arguments': ['arg0', 'arg1'], 'operations': [{'kind': 'erf', 'result': 'v1', 'operands': ['arg0'], 'attrs': {}, 'regions': []}, {'kind': 'mul', 'result': 'v2', 'operands': ['v1', 'v1'], 'attrs': {}, 'regions': []}, {'kind': 'maximum', 'result': 'v3', 'operands': ['v2', 'v2'], 'attrs': {}, 'regions': []}, {'kind': 'cast', 'result': 'v4', 'operands': ['v3'], 'attrs': {'dtype': 'float32'}, 'regions': []}, {'kind': 'to_tile', 'result': 'v5', 'operands': ['v4'], 'attrs': {}, 'regions': []}], 'yield_value': 'v5'}}]), reference_jitter=lambda: _typed_region_reference(_ulp_jitter(A), _ulp_jitter(B), {'arguments': [], 'operations': [{'kind': 'gemm', 'result': 'v1', 'operands': [], 'attrs': {}, 'regions': []}, {'kind': 'broadcast_tile', 'result': 'v2', 'operands': ['v1'], 'attrs': {}, 'regions': []}, {'kind': 'copy', 'result': 'v3', 'operands': ['v2'], 'attrs': {}, 'regions': []}, {'kind': 'copy', 'result': 'v4', 'operands': ['v2'], 'attrs': {}, 'regions': []}, {'kind': 'if', 'result': 'v14', 'operands': ['v4'], 'attrs': {'predicate': 'row', 'modulus': 4, 'parity': 1}, 'regions': [{'arguments': ['v5'], 'operations': [{'kind': 'for', 'result': 'v11', 'operands': ['v1'], 'attrs': {'trip_count': 3, 'start': 0, 'step': 1}, 'regions': [{'arguments': ['v6'], 'operations': [{'kind': 'scale', 'result': 'v7', 'operands': ['v6'], 'attrs': {'alpha': 7.134849609561429}, 'regions': []}, {'kind': 'where', 'result': 'v8', 'operands': ['v7', 'v7', 'v3'], 'attrs': {}, 'regions': []}, {'kind': 'to_tile', 'result': 'v9', 'operands': ['v6'], 'attrs': {}, 'regions': []}, {'kind': 'add', 'result': 'v10', 'operands': ['v9', 'v6'], 'attrs': {}, 'regions': []}], 'yield_value': 'v10'}]}, {'kind': 'to_tile', 'result': 'v12', 'operands': ['v11'], 'attrs': {}, 'regions': []}], 'yield_value': 'v12'}, {'arguments': ['v13'], 'operations': [], 'yield_value': 'v13'}]}, {'kind': 'to_tile', 'result': 'v15', 'operands': ['v14'], 'attrs': {}, 'regions': []}, {'kind': 'call', 'result': 'v16', 'operands': ['v14', 'v2'], 'attrs': {'callee': 'fn_0'}, 'regions': []}], 'yield_value': 'v16'}, 256, 32, 'float16', [{'name': 'fn_0', 'body': {'arguments': ['arg0', 'arg1'], 'operations': [{'kind': 'erf', 'result': 'v1', 'operands': ['arg0'], 'attrs': {}, 'regions': []}, {'kind': 'mul', 'result': 'v2', 'operands': ['v1', 'v1'], 'attrs': {}, 'regions': []}, {'kind': 'maximum', 'result': 'v3', 'operands': ['v2', 'v2'], 'attrs': {}, 'regions': []}, {'kind': 'cast', 'result': 'v4', 'operands': ['v3'], 'attrs': {'dtype': 'float32'}, 'regions': []}, {'kind': 'to_tile', 'result': 'v5', 'operands': ['v4'], 'attrs': {}, 'regions': []}], 'yield_value': 'v5'}}]))
  File "/root/autodl-tmp/project/tile_program_fuzzing/tp_fuzzing/results/2026.09.25-23.10_tilelang_hard-shape_seed=42/failed/schedule_mismatch/failed_calls_main(f0)__f0()_1250a82975ace5db.py", line 311, in _run_layout_case
    return _run_region(launches, inputs, reference, repeats, tolerance, relative=relative, **kwargs)
           ^^^^^^^^^^^^^^^^^^^^^^^^^^^^^^^^^^^^^^^^^^^^^^^^^^^^^^^^^^^^^^^^^^^^^^^^^^^^^^^^^^^^^^^^^
  File "/root/autodl-tmp/project/tile_program_fuzzing/tp_fuzzing/results/2026.09.25-23.10_tilelang_hard-shape_seed=42/failed/schedule_mismatch/failed_calls_main(f0)__f0()_1250a82975ace5db.py", line 286, in _run_region
    _region_check(actual, baseline, relative, tolerance,
  File "/root/autodl-tmp/project/tile_program_fuzzing/tp_fuzzing/results/2026.09.25-23.10_tilelang_hard-shape_seed=42/failed/schedule_mismatch/failed_calls_main(f0)__f0()_1250a82975ace5db.py", line 125, in _region_check
    raise RuntimeError(f'WRONG RESULT: {label}: error={error}, tolerance={tolerance}')
RuntimeError: WRONG RESULT: schedule invariance: error=1.602988783882841, tolerance=0.1
